[www.heroesaroundme.org/index.html]
[www.heroesaroundme.org/t.0.delayed]
[www.heroesaroundme.org/o.1.delayed]
[backblue.gif]
[fade.gif]
[index.html]
[www.heroesaroundme.org/about.html]
[www.heroesaroundme.org/events.html]
[www.heroesaroundme.org/join.html]
[www.heroesaroundme.org/wechat.html]
[www.heroesaroundme.org/window.location.6.delayed]
[www.heroesaroundme.org/sitemap.xml]
[www.heroesaroundme.org/feed.8.delayed]
[www.heroesaroundme.org/decodeURIComponent(e.9.delayed]
[www.heroesaroundme.org/index.html]
[www.heroesaroundme.org/t.html]
[www.heroesaroundme.org/o.html]
[www.heroesaroundme.org/about.html]
[www.heroesaroundme.org/amy-mccarthy.html]
[www.heroesaroundme.org/ami-vitale.html]
[www.heroesaroundme.org/courtney-mcanuff.html]
[www.heroesaroundme.org/keegan-lee.html]
[www.heroesaroundme.org/gisela-sander.html]
[www.heroesaroundme.org/events.html]
[www.heroesaroundme.org/subsribe-form.html]
[www.heroesaroundme.org/join.html]
[www.heroesaroundme.org/wechat.html]
[www.heroesaroundme.org/window.location.html]
[www.heroesaroundme.org/recruit-join.html]
[www.heroesaroundme.org/api.11.delayed]
[www.heroesaroundme.org/api/index.html]
[www.heroesaroundme.org/envelope.12.delayed]
[www.heroesaroundme.org/envelope/index.html]
[www.heroesaroundme.org/feed.html]
[www.heroesaroundme.org/decodeURIComponent(e.html]
[www.heroesaroundme.org/amy-mccarthy.html]
[www.heroesaroundme.org/ami-vitale.html]
[www.heroesaroundme.org/courtney-mcanuff.html]
[www.heroesaroundme.org/keegan-lee.html]
[www.heroesaroundme.org/gisela-sander.html]
[www.heroesaroundme.org/subsribe-form.html]
[www.heroesaroundme.org/recruit-join.html]
[www.heroesaroundme.org/api.html]
[www.heroesaroundme.org/envelope.html]
